{
  "assertions": [],
  "success": false,
  "error": "no such element: Unable to locate element: {\"method\":\"css selector\",\"selector\":\"*[name=\"q\"]\"}\n  (Session info: chrome=119.0.6045.160)"
}